BOOTLOADER
> U
< U
> :020000050B00EE
< :020000050B00EE7B.\r\n
WRITE: dump.hex
> :1000000075814090003685823085833190003E8531
< :1000000075814090003685823085833190003E8531.\r\n
> :100010008232858333112CE4F8F9FAFB74251181BF
< :100010008232858333112CE4F8F9FAFB74251181BF.\r\n
> :10002000116B740D1146740A114680FE7598527555
< :10002000116B740D1146740A114680FE7598527555.\r\n
> :100030009ABF759B1E223098FDC298E5992230998F
< :100030009ABF759B1E223098FDC298E5992230998F.\r\n
> :10004000FDC299F59922C032C03322C4114FC4C0F9
< :10004000FDC299F59922C032C03322C4114FC4C0F9.\r\n
> :10005000E0540F2490D43440D444201146D0E02200
< :10005000E0540F2490D43440D444201146D0E02200.\r\n
> :10006000C0E0E9114BE8114BD0E022C0E0EB114BAE
< :10006000C0E0E9114BE8114BD0E022C0E0EB114BAE.\r\n
> :10007000EA114BE9114BE8114BD0E022C030C031FE
< :10007000EA114BE9114BE8114BD0E022C030C031FE.\r\n
> :1000800022C0F0C0E0F5F0ECC0E0EDC0E0EEC0E072
< :1000800022C0F0C0E0F5F0ECC0E0EDC0E0EEC0E072.\r\n
> :10009000EFC0E0313DE581F82410F5817910117C45
< :10009000EFC0E0313DE581F82410F5817910117C45.\r\n
> :1000A00008F6D5F003198002D9F4313D116B313DCA
< :1000A00008F6D5F003198002D9F4313D116B313DCA.\r\n
> :1000B000743A1146E824F029F87A1008EA540370DB
< :1000B000743A1146E824F029F87A1008EA540370DB.\r\n
> :1000C0000474201146EAD399500874201146114651
< :1000C0000474201146EAD399500874201146114651.\r\n
> :1000D0008003E6114B74201146DAE0E824F0F8744E
< :1000D0008003E6114B74201146DAE0E824F0F8744E.\r\n
> :1000E000201146747C11467410C399F9FA08E6B4DD
< :1000E000201146747C11467410C399F9FA08E6B4DD.\r\n
> :1000F00020004005B47F004002742E1146DAEE74F1
< :1000F00020004005B47F004002742E1146DAEE74F1.\r\n
> :100100007C1146740D1146740A1146E824F0F8EC8F
< :100100007C1146740D1146740A1146E824F0F8EC8F.\r\n
> :1001100029FCED3400FDEE3400FEEF3400FFE5F085
< :1001100029FCED3400FDEE3400FEEF3400FFE5F085.\r\n
> :100120006002019CE58124F0F581313DD0E0FFD0F3
< :100120006002019CE58124F0F581313DD0E0FFD0F3.\r\n
> :10013000E0FED0E0FDD0E0FCD0E0D0F022C8CCC89A
< :10013000E0FED0E0FDD0E0FCD0E0D0F022C8CCC89A.\r\n
> :0A014000C9CDC9CACECACBCFCB226D
< :0A014000C9CDC9CACECACBCFCB226D.\r\n
> :00000001FF
< :00000001FF.\r\n
RESET
> Hello, world!\r\n\xff
00000000: 48 65 6c 6c  6f 2c 20 77  6f 72 6c 64  21 0d 0a ff  |Hello, world!...|
> This is a test.\x7f
00000010: 54 68 69 73  20 69 73 20  61 20 74 65  73 74 2e 7f  |This is a test..|
> \x00End.
00000020: 00 45 6e 64  2e                                     |.End.|
00000025
