BOOTLOADER
> U
< U
> :020000050B00EE
< :020000050B00EE7B.\r\n
WRITE: panic.hex
> :1000000075814090002385823085833190002B8557
< :1000000075814090002385823085833190002B8557.\r\n
> :1000100082328583331119117F759852759ABF7595
< :1000100082328583331119117F759852759ABF7595.\r\n
> :100020009B1E223098FDC298E599223099FDC29915
< :100020009B1E223098FDC298E599223099FDC29915.\r\n
> :10003000F59922C032C03322C0E0E8C0E0E4F89372
< :10003000F59922C032C03322C0E0E8C0E0E4F89372.\r\n
> :100040006006113308E870F7D0E0F8D0E022C41160
< :100040006006113308E870F7D0E0F8D0E022C41160.\r\n
> :1000500052C4C0E0540F2490D43440D4442011330F
< :1000500052C4C0E0540F2490D43440D4442011330F.\r\n
> :10006000D0E022C0E0E9114EE8114ED0E022C0E01D
< :10006000D0E022C0E0E9114EE8114ED0E022C0E01D.\r\n
> :10007000EB114EEA114EE9114EE8114ED0E022C2CA
< :10007000EB114EEA114EE9114EE8114ED0E022C2CA.\r\n
> :10008000AF90002B8582328583339000991138D050
< :10008000AF90002B8582328583339000991138D050.\r\n
> :10009000E0114ED0E0114E80FE0D0A2021212120DA
< :10009000E0114ED0E0114E80FE0D0A2021212120DA.\r\n
> :0800A00070616E6963204000ED
< :0800A00070616E6963204000ED.\r\n
> :00000001FF
< :00000001FF.\r\n
RESET
< \r\n !!! panic @0019
