BOOTLOADER
> U
< U
> :020000050B00EE
< :020000050B00EE7B.\r\n
WRITE: read_hex.hex
> :1000000075815090002F858230858331900027853F
< :1000000075815090002F858230858331900027853F.\r\n
> :100010008232858333111D113C11C080FA759852CC
< :100010008232858333111D113C11C080FA759852CC.\r\n
> :10002000759ABF759B1E223099FDC299F5992230B1
< :10002000759ABF759B1E223099FDC299F5992230B1.\r\n
> :1000300098FDC298E59922C030C03122C0E0ECC0E2
< :1000300098FDC298E59922C030C03122C0E0ECC0E2.\r\n
> :10004000E0EDC0E0E4F8F9FAFB1137C39430404228
< :10004000E0EDC0E0E4F8F9FAFB1137C39430404228.\r\n
> :10005000B40A00400D94114039240A54DFB4100052
< :10005000B40A00400D94114039240A54DFB4100052.\r\n
> :100060005030FCE8C4FD54F04CF8ED540FFCE9C4EA
< :100060005030FCE8C4FD54F04CF8ED540FFCE9C4EA.\r\n
> :10007000FD54F04CF9ED540FFCEAC4FD54F04CFA79
< :10007000FD54F04CF9ED540FFCEAC4FD54F04CFA79.\r\n
> :10008000ED540FFCEBC4FD54F04CFBED540F70022B
< :10008000ED540FFCEBC4FD54F04CFBED540F70022B.\r\n
> :1000900080B7D0E0FDD0E0FCD0E022C032C03322F7
< :1000900080B7D0E0FDD0E0FCD0E022C032C03322F7.\r\n
> :1000A000C411A4C4C0E0540F2490D43440D44420DC
< :1000A000C411A4C4C0E0540F2490D43440D44420DC.\r\n
> :1000B000119BD0E022C0E0E911A0E811A0D0E0221D
< :1000B000119BD0E022C0E0E911A0E811A0D0E0221D.\r\n
> :1000C000C0E0EB11A0EA11A0E911A0E811A0D0E076
< :1000C000C0E0EB11A0EA11A0E911A0E811A0D0E076.\r\n
> :0100D000220D
< :0100D000220D.\r\n
> :00000001FF
< :00000001FF.\r\n
RESET
> 1\t
< 00000001
> 1 
< 00000001
> 1/
< 00000001
> 1:
< 00000001
> 1@
< 00000001
> 1g
< 00000001
> 1~
< 00000001
> 1!
< 00000001
> 12!
< 00000012
> 123!
< 00000123
> 1234!
< 00001234
> 1234a!
< 0001234a
> 1234ab!
< 001234ab
> 1234abc!
< 01234abc
> 1234abcd!
< 1234abcd
> 1234abcde
< 234abcde
> 00000000000000004321!
< 00004321
> cCdDeEfF!
< ccddeeff
> ?
< 00000000
