BOOTLOADER
> U
< U
> :020000050B00EE
< :020000050B00EE7B.\r\n
WRITE: serial.hex
> :10000000111F90001174009360051129A3010501CF
< :10000000111F90001174009360051129A3010501CF.\r\n
> :100010000F48656C6C6F2C20776F726C64210075D3
< :100010000F48656C6C6F2C20776F726C64210075D3.\r\n
> :100020009852759ABF759B1E223099FDC299F59919
< :100020009852759ABF759B1E223099FDC299F59919.\r\n
> :0100300022AD
< :0100300022AD.\r\n
> :00000001FF
< :00000001FF.\r\n
RESET
< Hello, world!
