BOOTLOADER
> U
< U
> :020000050B00EE
< :020000050B00EE7B.\r\n
WRITE: stream.hex
> :1000000075814090007485823085833190007C85B5
< :1000000075814090007485823085833190007C85B5.\r\n
> :100010008232858333116AC032C03390008F85826B
< :100010008232858333116AC032C03390008F85826B.\r\n
> :100020003285833375368090004D119FE53611F986
< :100020003285833375368090004D119FE53611F986.\r\n
> :10003000A83674FFF6D033D032E4FBFAF9F8F53481
< :10003000A83674FFF6D033D032E4FBFAF9F8F53481.\r\n
> :1000400090008485823085833151AA80FE48656C9A
< :1000400090008485823085833151AA80FE48656C9A.\r\n
> :100050006C6F2066726F6D20696E7465726E616C74
< :100050006C6F2066726F6D20696E7465726E616C74.\r\n
> :10006000206D656D6F72793A2000759852759ABF50
< :10006000206D656D6F72793A2000759852759ABF50.\r\n
> :10007000759B1E223098FDC298E599223099FDC2E9
< :10007000759B1E223098FDC298E599223099FDC2E9.\r\n
> :1000800099F59922C8C534C8E608C8C534C822C83D
< :1000800099F59922C8C534C8E608C8C534C822C83D.\r\n
> :10009000C536C8F608C8C536C822C032C03322C02B
< :10009000C536C8F608C8C536C822C032C03322C02B.\r\n
> :1000A000E0E8C0E0E4F8936006119A08E870F7D041
< :1000A000E0E8C0E0E4F8936006119A08E870F7D041.\r\n
> :1000B000E0F8D0E022C411B9C4C0E0540F2490D4B9
< :1000B000E0F8D0E022C411B9C4C0E0540F2490D4B9.\r\n
> :1000C0003440D44420119AD0E022C0E0E911B5E8D0
< :1000C0003440D44420119AD0E022C0E0E911B5E8D0.\r\n
> :1000D00011B5D0E022C0E0EB11B5EA11B5E911B5D8
< :1000D00011B5D0E022C0E0EB11B5EA11B5E911B5D8.\r\n
> :1000E000E811B5D0E022C0E0C0F030E710F5F074C0
< :1000E000E811B5D0E022C0E0C0F030E710F5F074C0.\r\n
> :1000F0002D119AE5F0F4048004C0E0C0F088F0C04F
< :1000F0002D119AE5F0F4048004C0E0C0F088F0C04F.\r\n
> :10010000F0780075F0648460052430119A08E5F0F9
< :10010000F0780075F0648460052430119A08E5F0F9.\r\n
> :1001100075F00A84286005982430119AE5F024309F
< :1001100075F00A84286005982430119AE5F024309F.\r\n
> :10012000119AD0E0F8D0F0D0E022C0E0E8C0E0E9D9
< :10012000119AD0E0F8D0F0D0E022C0E0E8C0E0E9D9.\r\n
> :10013000C0E030E718742D119AE8F42401F8E9F4CE
< :10013000C0E030E718742D119AE8F42401F8E9F4CE.\r\n
> :100140003400F98008C0E0E8C0E0E9C0E0EBC0E0BE
< :100140003400F98008C0E0E8C0E0E9C0E0EBC0E0BE.\r\n
> :10015000C0F07A0075F0FFC3E89410F8E99427F92D
< :10015000C0F07A0075F0FFC3E89410F8E99427F92D.\r\n
> :1001600005F050F4E82410F8E93427F9E5F06005CB
< :1001600005F050F4E82410F8E93427F9E5F06005CB.\r\n
> :100170002430119A0A75F0FFC3E894E8F8E9940373
< :100170002430119A0A75F0FFC3E894E8F8E9940373.\r\n
> :10018000F905F050F4E824E8F8E93403F9E5F02A39
< :10018000F905F050F4E824E8F8E93403F9E5F02A39.\r\n
> :1001900060069A2430119A0A75F0FFC3E89464F857
< :1001900060069A2430119A0A75F0FFC3E89464F857.\r\n
> :1001A000E99400F905F050F4E82464F8E93400F922
< :1001A000E99400F905F050F4E82464F8E93400F922.\r\n
> :1001B000E5F02A60069A2430119A0AE875F00A845C
< :1001B000E5F02A60069A2430119A0AE875F00A845C.\r\n
> :1001C0002A60059A2430119AE5F02430119AD0F073
< :1001C0002A60059A2430119AE5F02430119AD0F073.\r\n
> :1001D000D0E0FAD0E0F9D0E0F8D0E022C0E0C0F002
< :1001D000D0E0FAD0E0F9D0E0F8D0E022C0E0C0F002.\r\n
> :1001E000C082C0837173E6FC08E6FD08E6FE08E6FF
< :1001E000C082C0837173E6FC08E6FD08E6FE08E6FF.\r\n
> :1001F000FF30E72F742D119AECF42401FCEDF43458
< :1001F000FF30E72F742D119AECF42401FCEDF43458.\r\n
> :1002000000FDEEF43400FEEFF43400FF8015C0E092
< :1002000000FDEEF43400FEEFF43400FF8015C0E092.\r\n
> :10021000C0F0C082C0837173E6FC08E6FD08E6FE0C
< :10021000C0F0C082C0837173E6FC08E6FD08E6FE0C.\r\n
> :1002200008E6FF75F00090025AE493F8A3E493F90E
< :1002200008E6FF75F00090025AE493F8A3E493F90E.\r\n
> :10023000A3E493FAA3E493FBA3517E25F060089511
< :10023000A3E493FAA3E493FBA3517E25F060089511.\r\n
> :10024000F0243005F0119AB80ADFEC2430119A71CD
< :10024000F0243005F0119AB80ADFEC2430119A71CD.\r\n
> :100250008CD083D082D0F0D0E02200CA9A3B00E15B
< :100250008CD083D082D0F0D0E02200CA9A3B00E15B.\r\n
> :10026000F5058096980040420F00A08601001027F7
< :10026000F5058096980040420F00A08601001027F7.\r\n
> :100270000000E8030000640000000A000000C0F075
< :100270000000E8030000640000000A000000C0F075.\r\n
> :10028000C375F0FFEC98FCED99FDEE9AFEEF9BFF35
< :10028000C375F0FFEC98FCED99FDEE9AFEEF9BFF35.\r\n
> :1002900005F050F0EC28FCED39FDEE3AFEEF3BFFA7
< :1002900005F050F0EC28FCED39FDEE3AFEEF3BFFA7.\r\n
> :1002A000E5F0D0F022C030C03122C0F0C0E0F5F05F
< :1002A000E5F0D0F022C030C03122C0F0C0E0F5F05F.\r\n
> :1002B000ECC0E0EDC0E0EEC0E0EFC0E07166E581CB
< :1002B000ECC0E0EDC0E0EEC0E0EFC0E07166E581CB.\r\n
> :1002C000F82410F581791051A508F6D5F0031980AE
< :1002C000F82410F581791051A508F6D5F0031980AE.\r\n
> :1002D00002D9F4716611D57166743A119AE824F066
< :1002D00002D9F4716611D57166743A119AE824F066.\r\n
> :1002E00029F87A1008EA540370047420119AEAD3AA
< :1002E00029F87A1008EA540370047420119AEAD3AA.\r\n
> :1002F0009950087420119A119A8003E611B5742060
< :1002F0009950087420119A119A8003E611B5742060.\r\n
> :10030000119ADAE0E824F0F87420119A747C119ABA
< :10030000119ADAE0E824F0F87420119A747C119ABA.\r\n
> :100310007410C399F9FA08E6B420004005B47F00D0
< :100310007410C399F9FA08E6B420004005B47F00D0.\r\n
> :100320004002742E119ADAEE747C119A740D119AAF
< :100320004002742E119ADAEE747C119A740D119AAF.\r\n
> :10033000740A119AE824F0F8EC29FCED3400FDEE83
< :10033000740A119AE824F0F8EC29FCED3400FDEE83.\r\n
> :100340003400FEEF3400FFE5F0600241C5E5812492
< :100340003400FEEF3400FFE5F0600241C5E5812492.\r\n
> :10035000F0F5817166D0E0FFD0E0FED0E0FDD0E0A6
< :10035000F0F5817166D0E0FFD0E0FED0E0FDD0E0A6.\r\n
> :10036000FCD0E0D0F022C8CCC8C9CDC9CACECACB17
< :10036000FCD0E0D0F022C8CCC8C9CDC9CACECACB17.\r\n
> :10037000CFCB22C0E0E5D05418B41802719FE5D06D
< :10037000CFCB22C0E0E5D05418B41802719FE5D06D.\r\n
> :100380002408F5D0541824F8F8D0E022C0E0E5D0D5
< :100380002408F5D0541824F8F8D0E022C0E0E5D0D5.\r\n
> :1003900054187002719FE5D024F8F5D0D0E022C245
< :1003900054187002719FE5D024F8F5D0D0E022C245.\r\n
> :1003A000AF90007C8582328583339003B9119FD052
< :1003A000AF90007C8582328583339003B9119FD052.\r\n
> :1003B000E011B5D0E011B580FE0D0A2021212120E9
< :1003B000E011B5D0E011B580FE0D0A2021212120E9.\r\n
> :0803C00070616E6963204000CA
< :0803C00070616E6963204000CA.\r\n
> :00000001FF
< :00000001FF.\r\n
RESET
00000000: 00 0f f0 7b  00 00 00 00  ff 1e f8 df  fc f0 fb 0d  |...{............|
00000010: fc 00 00 00  00 00 00 00  00 00 00 00  00 00 00 00  |................|
00000020: 00 00 00 00  00 00 00 00  00 00 00 00  00 00 00 00  |................|
00000030: 84 00 7c 00  4c 00 9f 00  00 00 00 00  00 00 00 00  |..|.L...........|
00000040: 00 4b 00 00  00 00 00 f0  7b 00 4b 00  00 00 00 00  |.K......{.K.....|
00000050: f0 7b 00 4b  00 00 00 00  00 c9 02 84  00 00 7c 00  |.{.K..........|.|
00000060: 7c 00 00 7c  00 00 00 00  00 00 00 00  00 00 00 00  ||..|............|
00000070: 00 00 00 00  00 00 00 00  00 00 00 00  00 00 00 00  |................|
00000080: 48 65 6c 6c  6f 20 66 72  6f 6d 20 69  6e 74 65 72  |Hello from inter|
00000090: 6e 61 6c 20  6d 65 6d 6f  72 79 3a 20  31 35 36 ff  |nal memory: 156.|
000000a0: 00 00 00 00  00 00 00 00  00 00 00 00  00 00 00 00  |................|
000000b0: 00 00 00 00  00 00 00 00  00 00 00 00  00 00 00 00  |................|
000000c0: 00 00 00 00  00 00 00 00  00 00 00 00  00 00 00 00  |................|
000000d0: 00 00 00 00  00 00 00 00  00 00 00 00  00 00 00 00  |................|
000000e0: 00 00 00 00  00 00 00 00  00 00 00 00  00 00 00 00  |................|
000000f0: 00 00 00 00  00 00 00 00  00 00 00 00  00 00 00 00  |................|
